.\verification\test_p2_alarm.exe : 2026/02/12 18:43:13 ====================================================
========
所在位置 行:1 字符: 1
+ .\verification\test_p2_alarm.exe > test_output.log 2>&1
+ ~~~~~~~~~~~~~~~~~~~~~~~~~~~~~~~~~~~~~~~~~~~~~~~~~~~~~~~
    + CategoryInfo          : NotSpecified: (2026/02/12 18:4...===============:String) [], RemoteException
    + FullyQualifiedErrorId : NativeCommandError
 
2026/02/12 18:43:13 P2 Alarm Management Test (Go Host)
2026/02/12 18:43:13 ============================================================
2026/02/12 18:43:13 Connecting to: 127.0.0.1:5070 (Active mode)
2026/02/12 18:43:13 Test coverage:
2026/02/12 18:43:13   - S5F5/F6: List all alarms
2026/02/12 18:43:13   - S5F3/F4: Disable specific alarm
2026/02/12 18:43:13   - S5F7/F8: List enabled alarms
2026/02/12 18:43:13 ============================================================
2026/02/12 18:43:13 
2026/02/12 18:43:13 Host enabled. Waiting for connection...
hsms_protocol: 2026/02/12 18:43:13 state: CONNECTED_NOT_SELECTED
hsms_protocol: 2026/02/12 18:43:13 state: CONNECTED_SELECTED
2026/02/12 18:43:14 鉁?Host in COMMUNICATING state
2026/02/12 18:43:14 
2026/02/12 18:43:14 --- Test 1: List All Alarms (S5F5/F6) ---
hsms_protocol: 2026/02/12 18:43:14 state: CONNECTED_NOT_SELECTED
hsms_protocol: 2026/02/12 18:43:14 send separate.req error: Session Closed
panic: runtime error: invalid memory address or nil pointer dereference
[signal 0xc0000005 code=0x0 addr=0x48 pc=0x7ff64802a0aa]

goroutine 1 [running]:
github.com/younglifestyle/secs4go/lib-secs2-hsms-go/pkg/ast.(*DataMessage).Variables(...)
	E:/project/secsgem-main/secs4go/lib-secs2-hsms-go/pkg/ast/ast.go:340
github.com/younglifestyle/secs4go/lib-secs2-hsms-go/pkg/ast.(*DataMessage).ToBytes(0xc00020a070)
	E:/project/secsgem-main/secs4go/lib-secs2-hsms-go/pkg/ast/ast.go:380 +0x8a
github.com/younglifestyle/secs4go/hsms.(*HsmsProtocol).SendAndWait(0xc0000b6000, 0xc00020a000)
	E:/project/secsgem-main/secs4go/hsms/protocol.go:944 +0x185
github.com/younglifestyle/secs4go/gem.(*GemHandler).RequestAlarmList(0xc000094788)
	E:/project/secsgem-main/secs4go/gem/alarm_client.go:63 +0x91
main.main()
	E:/project/secsgem-main/secs4go/verification/test_p2_alarm.go:51 +0x852
